bins_static/errno
bins_static/errno
yes, you can change this
yes, you can change this
