lrand48 (uninitialized): 0 2116118 89401895 379337186 782977366 196130996 198207689 1046291021 1131187612 975888346
drand48: 0.750266 0.607593 0.567593 0.799563 0.984984 0.205670 0.625922 0.794426 0.369416 0.854100
lrand48: 1611183183 1304796356 1218897288 1717049088 2115236938 441672110 1344158015 1706017430 793314380 1834165927
mrand48: -1072600929 -1685374584 -1857172720 -860869119 -64493420 883344220 -1606651266 -882932436 1586628760 -626635441
