21: Tue Tuesday Jul July
17: The 21st century
12: 06:25:42 AM
12: 03:00:00 PM
6: 15:00
16: 15 1531839600 2
7: 197 28
29: Tue Jul 17 15:00:00 UTC 2018
