clock_gettime: Success
time: Success
clock: Success
