bins_dynamic/errno
bins_dynamic/errno
yes, you can change this
yes, you can change this
