initial cwd: /home/jeremy/Projects/relibc/tests
final cwd: /home/jeremy/Projects/relibc
