egid: 1000, euid: 1000, gid: 1000, pgid: 23916, pid: 23933, ppid 23918, uid 1000
