Testing libgen.h
OK on basename(/usr/lib), expected: 'lib', got: 'lib'
OK on basename(//usr//lib//), expected: 'lib', got: 'lib'
OK on basename(/usr/), expected: 'usr', got: 'usr'
OK on basename(), expected: '.', got: '.'
OK on basename(/), expected: '/', got: '/'
OK on basename(///), expected: '/', got: '/'
OK on basename(NULL), expected: '.', got: '.'
OK on dirname(/usr/lib), expected: '/usr', got: '/usr'
OK on dirname(//usr//lib//), expected: '//usr', got: '//usr'
OK on dirname(/usr), expected: '/', got: '/'
OK on dirname(usr), expected: '.', got: '.'
OK on dirname(/), expected: '/', got: '/'
OK on dirname(///), expected: '/', got: '/'
OK on dirname(.), expected: '.', got: '.'
OK on dirname(..), expected: '.', got: '.'
OK on dirname(), expected: '.', got: '.'
OK on dirname(NULL), expected: '.', got: '.'
