32050 belongs to process group 32050
32050 has egid 1000 and gid 1000
32050 has euid 1000 and uid 1000
