# mem #
Correct memchr
Correct memccpy
Correct memcmp
